// Jest Snapshot v1, https://goo.gl/fbAQLP

exports[`Debe agregar una nueva categoria debe pasar el componente  1`] = `
<form
  onSubmit={[Function]}
>
  <p />
  <input
    onChange={[Function]}
    type="text"
    value=""
  />
</form>
`;
